Cannot find /user/xiaoju/data/bi/app/driverbdregthreeweek/2014/03/13/_SUCCESS
Cannot find /user/xiaoju/data/bi/app/driverregperiod3weeks/2014/03/13/_SUCCESS
Cannot find /user/xiaoju/data/bi/app/wechat_senditem_total/2014/03/13/_SUCCESS
Cannot find /user/xiaoju/data/bi/app/wx_usebalance_data/2014/03/13/_SUCCESS
Cannot find /user/xiaoju/data/bi/app/wechat_robenvelope_statistical/2014/03/13/_SUCCESS
Cannot find /user/xiaoju/data/bi/app/newdrivercheckdata/2014/03/13/_SUCCESS
Cannot find /user/xiaoju/data/bi/app/driverapprovedthreeweeks/2014/03/13/_SUCCESS
Cannot find /user/xiaoju/data/bi/app/driverretentionrates/2014/03/13/_SUCCESS
Cannot find /user/xiaoju/data/bi/app/driverweek/2014/03/13/_SUCCESS
Cannot find /user/xiaoju/data/bi/app/driverregperiod3weeksand3months/2014/03/13/_SUCCESS
Cannot find /user/xiaoju/data/bi/app/driverregperiodbefore6months/2014/03/13/_SUCCESS
Cannot find /user/xiaoju/data/bi/app/driveronlineday/2014/03/13/_SUCCESS
Cannot find /user/xiaoju/data/bi/app/drivernewoneday/2014/03/13/_SUCCESS
Cannot find /user/xiaoju/data/bi/app/driver_updateapp/2014/03/13/_SUCCESS
Cannot find /user/xiaoju/data/bi/app/driverreg/2014/03/13/_SUCCESS
Cannot find /user/xiaoju/data/bi/app/wechat_getenvelope/2014/03/13/_SUCCESS
Cannot find /user/xiaoju/data/bi/app/drivertotalreg/2014/03/13/_SUCCESS
Cannot find /user/xiaoju/data/bi/app/drivernewthreedays/2014/03/13/_SUCCESS
Cannot find /user/xiaoju/data/bi/app/driverapprovedtwoweeks/2014/03/13/_SUCCESS
Cannot find /user/xiaoju/data/bi/app/driverregonline/2014/03/13/_SUCCESS
Cannot find /user/xiaoju/data/bi/app/driverday/2014/03/13/_SUCCESS
Cannot find /user/xiaoju/data/bi/app/driverstay/2014/03/13/_SUCCESS
Cannot find /user/xiaoju/data/bi/app/driverorder/2014/03/13/_SUCCESS
Cannot find /user/xiaoju/data/bi/app/ordercall/2014/03/13/_SUCCESS
Cannot find /user/xiaoju/data/bi/app/driveronlineweek/2014/03/13/_SUCCESS
Cannot find /user/xiaoju/data/bi/app/driverapprovedweek/2014/03/13/_SUCCESS
Cannot find /user/xiaoju/data/bi/app/driverregperiod3monthsand6months/2014/03/13/_SUCCESS
Cannot find /user/xiaoju/data/bi/app/driveronlinemonth/2014/03/13/_SUCCESS
Cannot find /user/xiaoju/data/bi/app/driver_wechat_collection/2014/03/13/_SUCCESS
Cannot find /user/xiaoju/data/bi/app/wechat_senditem_day/2014/03/13/_SUCCESS
Cannot find /user/xiaoju/data/bi/app/drivernatureregthreeweek/2014/03/13/_SUCCESS
Cannot find /user/xiaoju/data/bi/app/drivermonth/2014/03/13/_SUCCESS
Cannot find /user/xiaoju/data/bi/app/wechat_robenvelope_taxi/2014/03/13/_SUCCESS
Cannot find /user/xiaoju/data/bi/app/biorder/2014/03/13/_SUCCESS
